0.0396084
0.0217642
0.014788
0.00997121
0.00824082
0.00857093
0.00999803
0.0086899
