0.0405
0.0246
0.017
0.0134
0.0125
0.0119
0.0118
0.012
